TASK 1 :
bhagya@Tanishka2020:~$ touch myfile.txt
bhagya@Tanishka2020:~$ ls -l myfile.txt
-rw-r--r-- 1 bhagya bhagya 0 Jun  9 08:28 myfile.txt
bhagya@Tanishka2020:~$ chmod u+x myfile.txt
bhagya@Tanishka2020:~$ chmod g-r myfile.txt
bhagya@Tanishka2020:~$ chmod o+rwx myfile.txt
bhagya@Tanishka2020:~$ chmod 755 myfile.txt
bhagya@Tanishka2020:~$ ls -l myfile.txt
-rwxr-xr-x 1 bhagya bhagya 0 Jun  9 08:28 myfile.txt
bhagya@Tanishka2020:~$ touch example.txt
bhagya@Tanishka2020:~$ chmod 755 example.txt
bhagya@Tanishka2020:~$ g-w example.txt
g-w: command not found
bhagya@Tanishka2020:~$ g-r example.txt
g-r: command not found
bhagya@Tanishka2020:~$ chmod g-w example.txt
bhagya@Tanishka2020:~$ chmod o-rx example.txt
bhagya@Tanishka2020:~$ ls -l example.txt
-rwxr-x--- 1 bhagya bhagya 0 Jun  9 08:31 example.txt
bhagya@Tanishka2020:~$

TASK 2 :
bhagya@Tanishka2020:~$ ls -l
total 0
-rwxr-x--- 1 bhagya bhagya 0 Jun  9 08:31 example.txt
-rwxr-xr-x 1 bhagya bhagya 0 Jun  9 08:28 myfile.txt
-rw-r--r-- 1 bhagya bhagya 0 Jun  9 09:15 test.txt
bhagya@Tanishka2020:~$ mkdir demo
bhagya@Tanishka2020:~$ cd demo
bhagya@Tanishka2020:~/demo$ touch test.txt
bhagya@Tanishka2020:~/demo$ touch myfile.txt
bhagya@Tanishka2020:~/demo$ ls
myfile.txt  test.txt
bhagya@Tanishka2020:~/demo$ cd ..
bhagya@Tanishka2020:~$ rm -r demo
bhagya@Tanishka2020:~$ ls -l
total 0
-rwxr-x--- 1 bhagya bhagya 0 Jun  9 08:31 example.txt
-rwxr-xr-x 1 bhagya bhagya 0 Jun  9 08:28 myfile.txt
-rw-r--r-- 1 bhagya bhagya 0 Jun  9 09:15 test.txt

TASK 3 :
bhagya@Tanishka2020:~$ touch myfile.txt
bhagya@Tanishka2020:~$ touch demo.txt
bhagya@Tanishka2020:~$ mkdir PracticeLinux
mkdir: cannot create directory ‘PracticeLinux’: File exists
bhagya@Tanishka2020:~$ rm -r PracticeLinux
bhagya@Tanishka2020:~$ mkdir PracticeLinux
bhagya@Tanishka2020:~$ cd PracticeLinux
bhagya@Tanishka2020:~/PracticeLinux$ cd ..
bhagya@Tanishka2020:~$ mkdir Projects Documents Downloads
mkdir: cannot create directory ‘Projects’: File exists
mkdir: cannot create directory ‘Documents’: File exists
mkdir: cannot create directory ‘Downloads’: File exists
bhagya@Tanishka2020:~$ touch file1.txt file2.txt
bhagya@Tanishka2020:~$ cd Projects
bhagya@Tanishka2020:~/Projects$ touch project1.txt
bhagya@Tanishka2020:~/Projects$ cd ..
bhagya@Tanishka2020:~$ ls
Documents  PracticeLinux  demo.txt     file1.txt  myfile.txt
Downloads  Projects       example.txt  file2.txt  test.txt
bhagya@Tanishka2020:~$ cd Documents
bhagya@Tanishka2020:~/Documents$ cd ..
bhagya@Tanishka2020:~$ ls -a
.              .bashrc      .profile       Projects     file2.txt
..             .cache       Documents      demo.txt     myfile.txt
.bash_history  .landscape   Downloads      example.txt  test.txt
.bash_logout   .motd_shown  PracticeLinux  file1.txt
bhagya@Tanishka2020:~$ ls -lh
total 16K
drwxr-xr-x 2 bhagya bhagya 4.0K Jun  9 09:44 Documents
drwxr-xr-x 2 bhagya bhagya 4.0K Jun  9 09:42 Downloads
drwxr-xr-x 2 bhagya bhagya 4.0K Jun  9 09:55 PracticeLinux
drwxr-xr-x 2 bhagya bhagya 4.0K Jun  9 09:43 Projects
-rw-r--r-- 1 bhagya bhagya    0 Jun  9 09:53 demo.txt
-rwxr-x--- 1 bhagya bhagya    0 Jun  9 08:31 example.txt
-rw-r--r-- 1 bhagya bhagya    0 Jun  9 10:00 file1.txt
-rw-r--r-- 1 bhagya bhagya    0 Jun  9 10:00 file2.txt
-rwxr-xr-x 1 bhagya bhagya    0 Jun  9 09:53 myfile.txt
-rw-r--r-- 1 bhagya bhagya    0 Jun  9 09:15 test.txt
bhagya@Tanishka2020:~$ mv file1.txt Documents
bhagya@Tanishka2020:~$ mv Projects/project1.txt Downloads
bhagya@Tanishka2020:~$ mv file2.txt renamed_file.txt
bhagya@Tanishka2020:~$ ls -lh
total 16K
drwxr-xr-x 2 bhagya bhagya 4.0K Jun  9 10:02 Documents
drwxr-xr-x 2 bhagya bhagya 4.0K Jun  9 10:03 Downloads
drwxr-xr-x 2 bhagya bhagya 4.0K Jun  9 09:55 PracticeLinux
drwxr-xr-x 2 bhagya bhagya 4.0K Jun  9 10:03 Projects
-rw-r--r-- 1 bhagya bhagya    0 Jun  9 09:53 demo.txt
-rwxr-x--- 1 bhagya bhagya    0 Jun  9 08:31 example.txt
-rwxr-xr-x 1 bhagya bhagya    0 Jun  9 09:53 myfile.txt
-rw-r--r-- 1 bhagya bhagya    0 Jun  9 10:00 renamed_file.txt
-rw-r--r-- 1 bhagya bhagya    0 Jun  9 09:15 test.txt

TASK 4 :
bhagya@Tanishka2020:~$ sudo useradd -m bhagyada
bhagya@Tanishka2020:~$ sudo passwd bhagyada
New password:
Retype new password:
passwd: password updated successfully
bhagya@Tanishka2020:~$ sudo groupadd devgroup
bhagya@Tanishka2020:~$ sudo usermod -aG devgroup bhagyada
bhagya@Tanishka2020:~$ groups bhagyada
bhagyada : bhagyada devgroup
bhagya@Tanishka2020:~$ sudo mkdir /opt/devdata
bhagya@Tanishka2020:~$ sudo chown bhagyada:devgroup /opt/devdata
bhagya@Tanishka2020:~$ sudo chmod 770 /opt/devdata
bhagya@Tanishka2020:~$ id bhagyada
uid=1001(bhagyada) gid=1001(bhagyada) groups=1001(bhagyada),1002(devgroup)
bhagya@Tanishka2020:~$ sudo userdel -r bhagyada
userdel: bhagyada mail spool (/var/mail/bhagyada) not found
bhagya@Tanishka2020:~$ sudo groupdel devgroup
bhagya@Tanishka2020:~$ sudo userdel -r bhagyada
userdel: user 'bhagyada' does not exist

TASK 5 :
bhagya@Tanishka2020:~$ git config --global user.name "Bhagyada"
bhagya@Tanishka2020:~$ git config --global user.email "bhagyadasw19@gmail.com"
bhagya@Tanishka2020:~$ git config --list
user.name=Bhagyada
user.email=bhagyadasw19@gmail.com
bhagya@Tanishka2020:~$ mkdir myproject
bhagya@Tanishka2020:~$ cd myproject
bhagya@Tanishka2020:~/myproject$ git init
hint: Using 'master' as the name for the initial branch. This default branch name
hint: is subject to change. To configure the initial branch name to use in all
hint: of your new repositories, which will suppress this warning, call:
hint:
hint:   git config --global init.defaultBranch <name>
hint:
hint: Names commonly chosen instead of 'master' are 'main', 'trunk' and
hint: 'development'. The just-created branch can be renamed via this command:
hint:
hint:   git branch -m <name>
Initialized empty Git repository in /home/bhagya/myproject/.git/
bhagya@Tanishka2020:~/myproject$ git status
On branch master

No commits yet

nothing to commit (create/copy files and use "git add" to track)
bhagya@Tanishka2020:~/myproject$ git add file.txt
fatal: pathspec 'file.txt' did not match any files
bhagya@Tanishka2020:~/myproject$ git add file2.txt
fatal: pathspec 'file2.txt' did not match any files
bhagya@Tanishka2020:~/myproject$ git add .
bhagya@Tanishka2020:~/myproject$ git commit -m "My First Commit"
On branch master

Initial commit

nothing to commit (create/copy files and use "git add" to track)
bhagya@Tanishka2020:~/myproject$ git remote add origin https://github.com/BhagyadaWagh/Celebal-Technologies
bhagya@Tanishka2020:~/myproject$ git branch -M main
bhagya@Tanishka2020:~/myproject$ git pull origin main
remote: Enumerating objects: 18, done.
remote: Counting objects: 100% (18/18), done.
remote: Compressing objects: 100% (16/16), done.
remote: Total 18 (delta 4), reused 0 (delta 0), pack-reused 0 (from 0)
Unpacking objects: 100% (18/18), 6.30 KiB | 179.00 KiB/s, done.
From https://github.com/BhagyadaWagh/Celebal-Technologies
 * branch            main       -> FETCH_HEAD
 * [new branch]      main       -> origin/main

TASK 6 :
bhagya@Tanishka2020:~$ mkdir -p ~/git-remote/myproject.git
bhagya@Tanishka2020:~$ cd ~/git-remote/myproject.git
bhagya@Tanishka2020:~/git-remote/myproject.git$ git init --bare
hint: Using 'master' as the name for the initial branch. This default branch name
hint: is subject to change. To configure the initial branch name to use in all
hint: of your new repositories, which will suppress this warning, call:
hint:
hint:   git config --global init.defaultBranch <name>
hint:
hint: Names commonly chosen instead of 'master' are 'main', 'trunk' and
hint: 'development'. The just-created branch can be renamed via this command:
hint:
hint:   git branch -m <name>
Initialized empty Git repository in /home/bhagya/git-remote/myproject.git/
bhagya@Tanishka2020:~/git-remote/myproject.git$ cd ..
bhagya@Tanishka2020:~/git-remote$ cd ..
bhagya@Tanishka2020:~$ mkdir -p ~/my-local-project
bhagya@Tanishka2020:~$ cd ~/my-local-project
bhagya@Tanishka2020:~/my-local-project$ git init
hint: Using 'master' as the name for the initial branch. This default branch name
hint: is subject to change. To configure the initial branch name to use in all
hint: of your new repositories, which will suppress this warning, call:
hint:
hint:   git config --global init.defaultBranch <name>
hint:
hint: Names commonly chosen instead of 'master' are 'main', 'trunk' and
hint: 'development'. The just-created branch can be renamed via this command:
hint:
hint:   git branch -m <name>
Initialized empty Git repository in /home/bhagya/my-local-project/.git/
bhagya@Tanishka2020:~/my-local-project$ echo "Hello Local Git!" > hello.txt
bhagya@Tanishka2020:~/my-local-project$ git add hello.txt
bhagya@Tanishka2020:~/my-local-project$ git commit -m "Initial commit"
[master (root-commit) 19f23dd] Initial commit
 1 file changed, 1 insertion(+)
 create mode 100644 hello.txt
bhagya@Tanishka2020:~/my-local-project$ git remote add origin ~/git-remote/myproject.git
bhagya@Tanishka2020:~/my-local-project$ git branch -M master
bhagya@Tanishka2020:~/my-local-project$ git push origin master
Enumerating objects: 3, done.
Counting objects: 100% (3/3), done.
Writing objects: 100% (3/3), 232 bytes | 232.00 KiB/s, done.
Total 3 (delta 0), reused 0 (delta 0), pack-reused 0
To /home/bhagya/git-remote/myproject.git
 * [new branch]      master -> master


